apps/web/src/app/(admin)/admin/analytics/page.tsx(4,21): error TS2307: Cannot find module '@/convex/_generated/api' or its corresponding type declarations.
apps/web/src/app/(admin)/admin/coupons/page.tsx(5,21): error TS2307: Cannot find module '@/convex/_generated/api' or its corresponding type declarations.
apps/web/src/app/(admin)/admin/coupons/page.tsx(9,26): error TS2307: Cannot find module '@/components/ui/use-toast' or its corresponding type declarations.
apps/web/src/app/(dashboard)/dashboard/notifications/page.tsx(5,21): error TS2307: Cannot find module '@/convex/_generated/api' or its corresponding type declarations.
apps/web/src/app/(dashboard)/dashboard/notifications/page.tsx(7,26): error TS2307: Cannot find module '@/components/ui/use-toast' or its corresponding type declarations.
apps/web/src/app/(dashboard)/dashboard/notifications/page.tsx(8,37): error TS2307: Cannot find module 'date-fns' or its corresponding type declarations.
apps/web/src/app/(dashboard)/dashboard/notifications/page.tsx(9,20): error TS2307: Cannot find module 'date-fns/locale' or its corresponding type declarations.
apps/web/src/app/(dashboard)/dashboard/notifications/page.tsx(10,10): error TS2305: Module '"@/features/learner/auth/student-auth-context"' has no exported member 'useAuth'.
apps/web/src/app/(dashboard)/dashboard/notifications/page.tsx(25,23): error TS2552: Cannot find name 'useStudent'. Did you mean 'student'?
apps/web/src/app/(learner)/dashboard/certificates/page.tsx(3,21): error TS2307: Cannot find module '@/convex/_generated/api' or its corresponding type declarations.
apps/web/src/app/(learner)/dashboard/certificates/page.tsx(5,10): error TS2305: Module '"@/features/learner/auth/student-auth-context"' has no exported member 'useAuth'.
apps/web/src/app/(learner)/dashboard/stats/page.tsx(3,21): error TS2307: Cannot find module '@/convex/_generated/api' or its corresponding type declarations.
apps/web/src/app/(learner)/dashboard/stats/page.tsx(5,10): error TS2305: Module '"@/features/learner/auth/student-auth-context"' has no exported member 'useAuth'.
apps/web/src/app/(learner)/khoa-hoc/[courseOrder]/checkout/page.tsx(14,41): error TS2307: Cannot find module '@/components/ui/alert' or its corresponding type declarations.
apps/web/src/app/(learner)/khoa-hoc/[courseOrder]/checkout/page.tsx(61,19): error TS2339: Property 'url' does not exist on type '{ _id: Id<"media">; _creationTime: number; title?: string | undefined; format?: string | undefined; storageId?: Id<"_storage"> | undefined; width?: number | undefined; height?: number | undefined; ... 4 more ...; createdAt: number; } | { ...; }'.
  Property 'url' does not exist on type '{ _id: Id<"media">; _creationTime: number; title?: string | undefined; format?: string | undefined; storageId?: Id<"_storage"> | undefined; width?: number | undefined; height?: number | undefined; ... 4 more ...; createdAt: number; }'.
apps/web/src/app/(learner)/khoa-hoc/[courseOrder]/components/video-player.tsx(9,10): error TS2305: Module '"@/.source"' has no exported member 'api'.
apps/web/src/app/(learner)/khoa-hoc/[courseOrder]/components/video-player.tsx(10,10): error TS2305: Module '"@/features/learner/auth/student-auth-context"' has no exported member 'useAuth'.
apps/web/src/app/(learner)/khoa-hoc/courses/page.tsx(5,21): error TS2307: Cannot find module '@/convex/_generated/api' or its corresponding type declarations.
apps/web/src/app/(learner)/khoa-hoc/courses/page.tsx(14,8): error TS2307: Cannot find module '@/components/ui/select' or its corresponding type declarations.
apps/web/src/app/(learner)/khoa-hoc/courses/page.tsx(15,24): error TS2307: Cannot find module '@/components/ui/slider' or its corresponding type declarations.
apps/web/src/app/(learner)/khoa-hoc/courses/page.tsx(96,33): error TS7006: Parameter 'value' implicitly has an 'any' type.
apps/web/src/app/(learner)/khoa-hoc/courses/page.tsx(106,36): error TS7006: Parameter 'cat' implicitly has an 'any' type.
apps/web/src/app/(learner)/khoa-hoc/courses/page.tsx(160,33): error TS7006: Parameter 'value' implicitly has an 'any' type.
apps/web/src/app/(learner)/khoa-hoc/courses/page.tsx(223,43): error TS7006: Parameter 'course' implicitly has an 'any' type.
apps/web/src/app/(learner)/khoa-hoc/yeu-thich/page.tsx(48,25): error TS18047: 'course' is possibly 'null'.
apps/web/src/app/(learner)/khoa-hoc/yeu-thich/page.tsx(52,34): error TS18047: 'course' is possibly 'null'.
apps/web/src/app/(learner)/khoa-hoc/yeu-thich/page.tsx(52,75): error TS18047: 'course' is possibly 'null'.
apps/web/src/app/(learner)/khoa-hoc/yeu-thich/page.tsx(54,74): error TS18047: 'course' is possibly 'null'.
apps/web/src/app/api/media/[id]/route.ts(28,21): error TS2339: Property 'url' does not exist on type '{ _id: Id<"media">; _creationTime: number; title?: string | undefined; format?: string | undefined; storageId?: Id<"_storage"> | undefined; width?: number | undefined; height?: number | undefined; ... 4 more ...; createdAt: number; } | { ...; }'.
  Property 'url' does not exist on type '{ _id: Id<"media">; _creationTime: number; title?: string | undefined; format?: string | undefined; storageId?: Id<"_storage"> | undefined; width?: number | undefined; height?: number | undefined; ... 4 more ...; createdAt: number; }'.
apps/web/src/app/api/media/[id]/route.ts(29,44): error TS2339: Property 'url' does not exist on type '{ _id: Id<"media">; _creationTime: number; title?: string | undefined; format?: string | undefined; storageId?: Id<"_storage"> | undefined; width?: number | undefined; height?: number | undefined; ... 4 more ...; createdAt: number; } | { ...; }'.
  Property 'url' does not exist on type '{ _id: Id<"media">; _creationTime: number; title?: string | undefined; format?: string | undefined; storageId?: Id<"_storage"> | undefined; width?: number | undefined; height?: number | undefined; ... 4 more ...; createdAt: number; }'.
apps/web/src/components/sections/CourseReviews.tsx(5,10): error TS2305: Module '"@/.source"' has no exported member 'api'.
apps/web/src/components/sections/CourseReviews.tsx(9,26): error TS2307: Cannot find module '@/hooks/use-toast' or its corresponding type declarations.
apps/web/src/components/sections/CourseReviews.tsx(10,37): error TS2307: Cannot find module 'date-fns' or its corresponding type declarations.
apps/web/src/components/sections/CourseReviews.tsx(11,20): error TS2307: Cannot find module 'date-fns/locale' or its corresponding type declarations.
apps/web/src/components/sections/CourseReviews.tsx(290,26): error TS7006: Parameter 'review' implicitly has an 'any' type.
apps/web/src/components/sections/LessonComments.tsx(5,10): error TS2305: Module '"@/.source"' has no exported member 'api'.
apps/web/src/components/sections/LessonComments.tsx(8,26): error TS2307: Cannot find module '@/hooks/use-toast' or its corresponding type declarations.
apps/web/src/components/sections/LessonComments.tsx(9,37): error TS2307: Cannot find module 'date-fns' or its corresponding type declarations.
apps/web/src/components/sections/LessonComments.tsx(10,20): error TS2307: Cannot find module 'date-fns/locale' or its corresponding type declarations.
apps/web/src/components/sections/LessonComments.tsx(206,25): error TS7006: Parameter 'comment' implicitly has an 'any' type.
apps/web/src/components/sections/LessonComments.tsx(347,21): error TS7006: Parameter 'reply' implicitly has an 'any' type.
apps/web/src/components/sections/NotificationCenter.tsx(5,10): error TS2305: Module '"@/.source"' has no exported member 'api'.
apps/web/src/components/sections/NotificationCenter.tsx(7,26): error TS2307: Cannot find module '@/hooks/use-toast' or its corresponding type declarations.
apps/web/src/components/sections/NotificationCenter.tsx(8,37): error TS2307: Cannot find module 'date-fns' or its corresponding type declarations.
apps/web/src/components/sections/NotificationCenter.tsx(9,20): error TS2307: Cannot find module 'date-fns/locale' or its corresponding type declarations.
apps/web/src/components/sections/NotificationCenter.tsx(42,30): error TS7006: Parameter 'n' implicitly has an 'any' type.
apps/web/src/components/sections/NotificationCenter.tsx(83,16): error TS7006: Parameter 'n' implicitly has an 'any' type.
apps/web/src/components/sections/NotificationCenter.tsx(84,13): error TS7006: Parameter 'n' implicitly has an 'any' type.
apps/web/src/components/sections/NotificationCenter.tsx(208,45): error TS7006: Parameter 'notification' implicitly has an 'any' type.
apps/web/src/features/admin/pages/payment-dashboard.tsx(9,41): error TS2307: Cannot find module '@/components/ui/alert' or its corresponding type declarations.
apps/web/src/features/admin/pages/payment-dashboard.tsx(208,59): error TS2339: Property 'studentEmail' does not exist on type '{ courseName: string; studentName: string; orderAmount: number; _id: Id<"payments">; _creationTime: number; qrCodeUrl?: string | undefined; qrCodeData?: string | undefined; bankAccount?: string | undefined; ... 12 more ...; orderId: Id<...>; }'.
apps/web/src/features/learner/pages/checkout-form.tsx(10,41): error TS2307: Cannot find module '@/components/ui/alert' or its corresponding type declarations.
packages/backend/convex/analytics.ts(38,28): error TS2339: Property 'confirmedAt' does not exist on type 'FilterBuilder<{ document: { _id: Id<"payments">; _creationTime: number; qrCodeUrl?: string | undefined; qrCodeData?: string | undefined; bankAccount?: string | undefined; bankAccountName?: string | undefined; ... 11 more ...; orderId: Id<...>; }; fieldPaths: ExtractFieldPaths<...> | "_id"; indexes: { ...; }; searchI...'.
packages/backend/convex/analytics.ts(38,47): error TS2339: Property 'confirmedAt' does not exist on type 'FilterBuilder<{ document: { _id: Id<"payments">; _creationTime: number; qrCodeUrl?: string | undefined; qrCodeData?: string | undefined; bankAccount?: string | undefined; bankAccountName?: string | undefined; ... 11 more ...; orderId: Id<...>; }; fieldPaths: ExtractFieldPaths<...> | "_id"; indexes: { ...; }; searchI...'.
packages/backend/convex/categories.ts(23,7): error TS2739: Type 'Query<{ document: { _id: Id<"course_categories">; _creationTime: number; description?: string | undefined; icon?: string | undefined; imageId?: Id<"media"> | undefined; updatedAt: number; ... 4 more ...; name: string; }; fieldPaths: ExtractFieldPaths<...> | "_id"; indexes: { ...; }; searchIndexes: {}; vectorIndexes:...' is missing the following properties from type 'QueryInitializer<{ document: { _id: Id<"course_categories">; _creationTime: number; description?: string | undefined; icon?: string | undefined; imageId?: Id<"media"> | undefined; updatedAt: number; ... 4 more ...; name: string; }; fieldPaths: ExtractFieldPaths<...> | "_id"; indexes: { ...; }; searchIndexes: {}; vec...': fullTableScan, withIndex, withSearchIndex
packages/backend/convex/categories.ts(75,48): error TS2345: Argument of type '"active"' is not assignable to parameter of type '"order"'.
packages/backend/convex/categories.ts(222,8): error TS2339: Property 'count' does not exist on type 'Query<{ document: { _id: Id<"courses">; _creationTime: number; description?: string | undefined; subtitle?: string | undefined; categoryId?: Id<"course_categories"> | undefined; ... 14 more ...; isPriceVisible: boolean; }; fieldPaths: ExtractFieldPaths<...> | "_id"; indexes: { ...; }; searchIndexes: {}; vectorIndexe...'.
packages/backend/convex/comments.ts(28,78): error TS2345: Argument of type '"parentCommentId"' is not assignable to parameter of type '"createdAt"'.
packages/backend/convex/comments.ts(39,12): error TS2339: Property 'count' does not exist on type 'Query<{ document: { _id: Id<"comments">; _creationTime: number; deletedAt?: number | undefined; parentCommentId?: Id<"comments"> | undefined; updatedAt: number; createdAt: number; ... 4 more ...; likesCount: number; }; fieldPaths: ExtractFieldPaths<...> | "_id"; indexes: { ...; }; searchIndexes: {}; vectorIndexes: {...'.
packages/backend/convex/comments.ts(96,8): error TS2339: Property 'count' does not exist on type 'Query<{ document: { _id: Id<"comments">; _creationTime: number; deletedAt?: number | undefined; parentCommentId?: Id<"comments"> | undefined; updatedAt: number; createdAt: number; ... 4 more ...; likesCount: number; }; fieldPaths: ExtractFieldPaths<...> | "_id"; indexes: { ...; }; searchIndexes: {}; vectorIndexes: {...'.
packages/backend/convex/coupons.ts(144,7): error TS2739: Type 'Query<{ document: { _id: Id<"coupons">; _creationTime: number; description?: string | undefined; expiresAt?: number | undefined; discountPercent?: number | undefined; discountFixed?: number | undefined; ... 9 more ...; appliesTo: "all_courses" | "specific_courses"; }; fieldPaths: ExtractFieldPaths<...> | "_id"; inde...' is missing the following properties from type 'QueryInitializer<{ document: { _id: Id<"coupons">; _creationTime: number; description?: string | undefined; expiresAt?: number | undefined; discountPercent?: number | undefined; discountFixed?: number | undefined; ... 9 more ...; appliesTo: "all_courses" | "specific_courses"; }; fieldPaths: ExtractFieldPaths<...> | ...': fullTableScan, withIndex, withSearchIndex
packages/backend/convex/coupons.ts(366,34): error TS2339: Property 'queryGeneric' does not exist on type 'GenericMutationCtx<{ pages: { document: { _id: Id<"pages">; _creationTime: number; seoOverride?: { title?: string | undefined; description?: string | undefined; image?: string | undefined; } | undefined; title: string; updatedAt: number; slug: string; active: boolean; }; fieldPaths: ExtractFieldPaths<...> | "_id"; i...'.
packages/backend/convex/notifications.ts(65,8): error TS2339: Property 'count' does not exist on type 'Query<{ document: { _id: Id<"notifications">; _creationTime: number; link?: string | undefined; metadata?: any; readAt?: number | undefined; type: "order_confirmed" | "payment_rejected" | ... 5 more ... | "system"; ... 4 more ...; isRead: boolean; }; fieldPaths: ExtractFieldPaths<...> | "_id"; indexes: { ...; }; sea...'.
packages/backend/convex/notifications.ts(99,28): error TS2339: Property 'type' does not exist on type 'FilterBuilder<{ document: { _id: Id<"notifications">; _creationTime: number; link?: string | undefined; metadata?: any; readAt?: number | undefined; type: "order_confirmed" | "payment_rejected" | ... 5 more ... | "system"; ... 4 more ...; isRead: boolean; }; fieldPaths: ExtractFieldPaths<...> | "_id"; indexes: { ......'.
packages/backend/convex/notifications.ts(133,7): error TS2322: Type 'string' is not assignable to type '"order_confirmed" | "payment_rejected" | "certificate_issued" | "new_comment_reply" | "course_updated" | "course_new_lesson" | "enrollment_status_changed" | "system"'.
packages/backend/convex/notifications.ts(163,11): error TS2322: Type 'string' is not assignable to type '"order_confirmed" | "payment_rejected" | "certificate_issued" | "new_comment_reply" | "course_updated" | "course_new_lesson" | "enrollment_status_changed" | "system"'.
packages/backend/convex/notifications.ts(285,28): error TS2339: Property 'createdAt' does not exist on type 'FilterBuilder<{ document: { _id: Id<"notifications">; _creationTime: number; link?: string | undefined; metadata?: any; readAt?: number | undefined; type: "order_confirmed" | "payment_rejected" | ... 5 more ... | "system"; ... 4 more ...; isRead: boolean; }; fieldPaths: ExtractFieldPaths<...> | "_id"; indexes: { ......'.
packages/backend/convex/reviews.ts(33,29): error TS2339: Property 'deletedAt' does not exist on type 'FilterBuilder<{ document: { _id: Id<"course_reviews">; _creationTime: number; deletedAt?: number | undefined; title: string; updatedAt: number; createdAt: number; courseId: Id<"courses">; studentId: Id<...>; content: string; rating: number; helpfulCount: number; unhelpfulCount: number; }; fieldPaths: ExtractFieldPat...'.
packages/backend/convex/reviews.ts(74,29): error TS2339: Property 'deletedAt' does not exist on type 'FilterBuilder<{ document: { _id: Id<"course_reviews">; _creationTime: number; deletedAt?: number | undefined; title: string; updatedAt: number; createdAt: number; courseId: Id<"courses">; studentId: Id<...>; content: string; rating: number; helpfulCount: number; unhelpfulCount: number; }; fieldPaths: ExtractFieldPat...'.
packages/backend/convex/reviews.ts(119,28): error TS2339: Property 'courseId' does not exist on type 'FilterBuilder<{ document: { _id: Id<"course_reviews">; _creationTime: number; deletedAt?: number | undefined; title: string; updatedAt: number; createdAt: number; courseId: Id<"courses">; studentId: Id<...>; content: string; rating: number; helpfulCount: number; unhelpfulCount: number; }; fieldPaths: ExtractFieldPat...'.
packages/backend/convex/reviews.ts(119,63): error TS2339: Property 'deletedAt' does not exist on type 'FilterBuilder<{ document: { _id: Id<"course_reviews">; _creationTime: number; deletedAt?: number | undefined; title: string; updatedAt: number; createdAt: number; courseId: Id<"courses">; studentId: Id<...>; content: string; rating: number; helpfulCount: number; unhelpfulCount: number; }; fieldPaths: ExtractFieldPat...'.
packages/backend/convex/reviews.ts(185,28): error TS2339: Property 'courseId' does not exist on type 'FilterBuilder<{ document: { _id: Id<"course_reviews">; _creationTime: number; deletedAt?: number | undefined; title: string; updatedAt: number; createdAt: number; courseId: Id<"courses">; studentId: Id<...>; content: string; rating: number; helpfulCount: number; unhelpfulCount: number; }; fieldPaths: ExtractFieldPat...'.
packages/backend/convex/reviews.ts(185,63): error TS2339: Property 'deletedAt' does not exist on type 'FilterBuilder<{ document: { _id: Id<"course_reviews">; _creationTime: number; deletedAt?: number | undefined; title: string; updatedAt: number; createdAt: number; courseId: Id<"courses">; studentId: Id<...>; content: string; rating: number; helpfulCount: number; unhelpfulCount: number; }; fieldPaths: ExtractFieldPat...'.
packages/backend/convex/reviews.ts(196,28): error TS2339: Property 'userId' does not exist on type 'FilterBuilder<{ document: { _id: Id<"course_enrollments">; _creationTime: number; status?: "completed" | "active" | "free" | "pending" | "expired" | undefined; progressPercent?: number | undefined; ... 8 more ...; enrolledAt: number; }; fieldPaths: ExtractFieldPaths<...> | "_id"; indexes: { ...; }; searchIndexes: {}...'.
packages/backend/convex/search.ts(81,79): error TS18048: 'args.minPrice' is possibly 'undefined'.
packages/backend/convex/search.ts(87,79): error TS18048: 'args.maxPrice' is possibly 'undefined'.
packages/backend/convex/search.ts(94,83): error TS18048: 'args.minRating' is possibly 'undefined'.
packages/backend/convex/search.ts(225,48): error TS2345: Argument of type '"active"' is not assignable to parameter of type '"order"'.
packages/backend/convex/search.ts(277,43): error TS2345: Argument of type '"active"' is not assignable to parameter of type '"averageRating"'.
